#Переходим в root и устанавливаем время по Москве
sergey@ubuntunginx:~$ sudo -i
[sudo] password for sergey:
root@ubuntunginx:~# date
Sat 16 Jul 2022 05:46:50 PM UTC
root@ubuntunginx:~# cp /usr/share/zoneinfo/Europe/Moscow /etc/localtime
root@ubuntunginx:~# date
Sat 16 Jul 2022 08:47:07 PM MSK
root@ubuntunginx:~#

#Перезапуск systemd-timesyncd.service 
#Проверил работу
root@ubuntusyslog:~# systemctl | grep chro*
  systemd-timesyncd.service                                                                 loaded active running   Network Time Synchronization
  time-sync.target                                                                          loaded active active    System Time Synchronized
root@ubuntusyslog:~# systemctl restart systemd-timesyncd.service
root@ubuntusyslog:~# systemctl status systemd-timesyncd.service
● systemd-timesyncd.service - Network Time Synchronization
     Loaded: loaded (/lib/systemd/system/systemd-timesyncd.service; enabled; vendor preset: enabled)
     Active: active (running) since Sat 2022-07-16 20:51:20 MSK; 10s ago
       Docs: man:systemd-timesyncd.service(8)
   Main PID: 2804 (systemd-timesyn)
     Status: "Initial synchronization to time server 185.125.190.57:123 (ntp.ubuntu.com)."
      Tasks: 2 (limit: 2274)
     Memory: 1.1M
     CGroup: /system.slice/systemd-timesyncd.service
             └─2804 /lib/systemd/systemd-timesyncd

Jul 16 20:51:20 ubuntusyslog systemd[1]: Stopped Network Time Synchronization.
Jul 16 20:51:20 ubuntusyslog systemd[1]: Starting Network Time Synchronization...
Jul 16 20:51:20 ubuntusyslog systemd[1]: Started Network Time Synchronization.
Jul 16 20:51:20 ubuntusyslog systemd-timesyncd[2804]: Initial synchronization to time server 185.125.190.57:123 (ntp.ubuntu.com).
root@ubuntusyslog:~#
root@ubuntusyslog:~# date
Sat 16 Jul 2022 08:53:52 PM MSK
root@ubuntusyslog:~#

#Установил nginx
root@ubuntunginx:~# apt install nginx
Reading package lists... Done
Building dependency tree
Reading state information... Done
The following additional packages will be installed:
  fontconfig-config fonts-dejavu-core libfontconfig1 libgd3 libjbig0 libjpeg-turbo8 libjpeg8 libnginx-mod-http-image-filter libnginx-mod-http-xslt-filter libnginx-mod-mail libnginx-mod-stream libtiff5
  libwebp6 libxpm4 nginx-common nginx-core
Suggested packages:
  libgd-tools fcgiwrap nginx-doc ssl-cert
The following NEW packages will be installed:
  fontconfig-config fonts-dejavu-core libfontconfig1 libgd3 libjbig0 libjpeg-turbo8 libjpeg8 libnginx-mod-http-image-filter libnginx-mod-http-xslt-filter libnginx-mod-mail libnginx-mod-stream libtiff5
  libwebp6 libxpm4 nginx nginx-common nginx-core
0 upgraded, 17 newly installed, 0 to remove and 68 not upgraded.
Need to get 2,433 kB of archives.
After this operation, 7,891 kB of additional disk space will be used.
Do you want to continue? [Y/n] y
Get:1 http://ru.archive.ubuntu.com/ubuntu focal/main amd64 fonts-dejavu-core all 2.37-1 [1,041 kB]
Get:2 http://ru.archive.ubuntu.com/ubuntu focal/main amd64 fontconfig-config all 2.13.1-2ubuntu3 [28.8 kB]
Get:3 http://ru.archive.ubuntu.com/ubuntu focal/main amd64 libfontconfig1 amd64 2.13.1-2ubuntu3 [114 kB]
Get:4 http://ru.archive.ubuntu.com/ubuntu focal-updates/main amd64 libjpeg-turbo8 amd64 2.0.3-0ubuntu1.20.04.1 [117 kB]
Get:5 http://ru.archive.ubuntu.com/ubuntu focal/main amd64 libjpeg8 amd64 8c-2ubuntu8 [2,194 B]
Get:6 http://ru.archive.ubuntu.com/ubuntu focal/main amd64 libjbig0 amd64 2.1-3.1build1 [26.7 kB]
Get:7 http://ru.archive.ubuntu.com/ubuntu focal-updates/main amd64 libwebp6 amd64 0.6.1-2ubuntu0.20.04.1 [185 kB]
Get:8 http://ru.archive.ubuntu.com/ubuntu focal-updates/main amd64 libtiff5 amd64 4.1.0+git191117-2ubuntu0.20.04.3 [162 kB]
Get:9 http://ru.archive.ubuntu.com/ubuntu focal/main amd64 libxpm4 amd64 1:3.5.12-1 [34.0 kB]
Get:10 http://ru.archive.ubuntu.com/ubuntu focal-updates/main amd64 libgd3 amd64 2.2.5-5.2ubuntu2.1 [118 kB]
Get:11 http://ru.archive.ubuntu.com/ubuntu focal-updates/main amd64 nginx-common all 1.18.0-0ubuntu1.3 [37.7 kB]
Get:12 http://ru.archive.ubuntu.com/ubuntu focal-updates/main amd64 libnginx-mod-http-image-filter amd64 1.18.0-0ubuntu1.3 [14.8 kB]
Get:13 http://ru.archive.ubuntu.com/ubuntu focal-updates/main amd64 libnginx-mod-http-xslt-filter amd64 1.18.0-0ubuntu1.3 [13.0 kB]
Get:14 http://ru.archive.ubuntu.com/ubuntu focal-updates/main amd64 libnginx-mod-mail amd64 1.18.0-0ubuntu1.3 [42.8 kB]
Get:15 http://ru.archive.ubuntu.com/ubuntu focal-updates/main amd64 libnginx-mod-stream amd64 1.18.0-0ubuntu1.3 [67.3 kB]
Get:16 http://ru.archive.ubuntu.com/ubuntu focal-updates/main amd64 nginx-core amd64 1.18.0-0ubuntu1.3 [425 kB]
Get:17 http://ru.archive.ubuntu.com/ubuntu focal-updates/main amd64 nginx all 1.18.0-0ubuntu1.3 [3,620 B]
Fetched 2,433 kB in 3s (847 kB/s)
Preconfiguring packages ...
Selecting previously unselected package fonts-dejavu-core.
(Reading database ... 71765 files and directories currently installed.)
Preparing to unpack .../00-fonts-dejavu-core_2.37-1_all.deb ...
Unpacking fonts-dejavu-core (2.37-1) ...
Selecting previously unselected package fontconfig-config.
Preparing to unpack .../01-fontconfig-config_2.13.1-2ubuntu3_all.deb ...
Unpacking fontconfig-config (2.13.1-2ubuntu3) ...
Selecting previously unselected package libfontconfig1:amd64.
Preparing to unpack .../02-libfontconfig1_2.13.1-2ubuntu3_amd64.deb ...
Unpacking libfontconfig1:amd64 (2.13.1-2ubuntu3) ...
Selecting previously unselected package libjpeg-turbo8:amd64.
Preparing to unpack .../03-libjpeg-turbo8_2.0.3-0ubuntu1.20.04.1_amd64.deb ...
Unpacking libjpeg-turbo8:amd64 (2.0.3-0ubuntu1.20.04.1) ...
Selecting previously unselected package libjpeg8:amd64.
Preparing to unpack .../04-libjpeg8_8c-2ubuntu8_amd64.deb ...
Unpacking libjpeg8:amd64 (8c-2ubuntu8) ...
Selecting previously unselected package libjbig0:amd64.
Preparing to unpack .../05-libjbig0_2.1-3.1build1_amd64.deb ...
Unpacking libjbig0:amd64 (2.1-3.1build1) ...
Selecting previously unselected package libwebp6:amd64.
Preparing to unpack .../06-libwebp6_0.6.1-2ubuntu0.20.04.1_amd64.deb ...
Unpacking libwebp6:amd64 (0.6.1-2ubuntu0.20.04.1) ...
Selecting previously unselected package libtiff5:amd64.
Preparing to unpack .../07-libtiff5_4.1.0+git191117-2ubuntu0.20.04.3_amd64.deb ...
Unpacking libtiff5:amd64 (4.1.0+git191117-2ubuntu0.20.04.3) ...
Selecting previously unselected package libxpm4:amd64.
Preparing to unpack .../08-libxpm4_1%3a3.5.12-1_amd64.deb ...
Unpacking libxpm4:amd64 (1:3.5.12-1) ...
Selecting previously unselected package libgd3:amd64.
Preparing to unpack .../09-libgd3_2.2.5-5.2ubuntu2.1_amd64.deb ...
Unpacking libgd3:amd64 (2.2.5-5.2ubuntu2.1) ...
Selecting previously unselected package nginx-common.
Preparing to unpack .../10-nginx-common_1.18.0-0ubuntu1.3_all.deb ...
Unpacking nginx-common (1.18.0-0ubuntu1.3) ...
Selecting previously unselected package libnginx-mod-http-image-filter.
Preparing to unpack .../11-libnginx-mod-http-image-filter_1.18.0-0ubuntu1.3_amd64.deb ...
Unpacking libnginx-mod-http-image-filter (1.18.0-0ubuntu1.3) ...
Selecting previously unselected package libnginx-mod-http-xslt-filter.
Preparing to unpack .../12-libnginx-mod-http-xslt-filter_1.18.0-0ubuntu1.3_amd64.deb ...
Unpacking libnginx-mod-http-xslt-filter (1.18.0-0ubuntu1.3) ...
Selecting previously unselected package libnginx-mod-mail.
Preparing to unpack .../13-libnginx-mod-mail_1.18.0-0ubuntu1.3_amd64.deb ...
Unpacking libnginx-mod-mail (1.18.0-0ubuntu1.3) ...
Selecting previously unselected package libnginx-mod-stream.
Preparing to unpack .../14-libnginx-mod-stream_1.18.0-0ubuntu1.3_amd64.deb ...
Unpacking libnginx-mod-stream (1.18.0-0ubuntu1.3) ...
Selecting previously unselected package nginx-core.
Preparing to unpack .../15-nginx-core_1.18.0-0ubuntu1.3_amd64.deb ...
Unpacking nginx-core (1.18.0-0ubuntu1.3) ...
Selecting previously unselected package nginx.
Preparing to unpack .../16-nginx_1.18.0-0ubuntu1.3_all.deb ...
Unpacking nginx (1.18.0-0ubuntu1.3) ...
Setting up libxpm4:amd64 (1:3.5.12-1) ...
Setting up nginx-common (1.18.0-0ubuntu1.3) ...
Created symlink /etc/systemd/system/multi-user.target.wants/nginx.service → /lib/systemd/system/nginx.service.
Setting up libjbig0:amd64 (2.1-3.1build1) ...
Setting up libnginx-mod-http-xslt-filter (1.18.0-0ubuntu1.3) ...
Setting up libwebp6:amd64 (0.6.1-2ubuntu0.20.04.1) ...
Setting up fonts-dejavu-core (2.37-1) ...
Setting up libjpeg-turbo8:amd64 (2.0.3-0ubuntu1.20.04.1) ...
Setting up libjpeg8:amd64 (8c-2ubuntu8) ...
Setting up libnginx-mod-mail (1.18.0-0ubuntu1.3) ...
Setting up fontconfig-config (2.13.1-2ubuntu3) ...
Setting up libnginx-mod-stream (1.18.0-0ubuntu1.3) ...
Setting up libtiff5:amd64 (4.1.0+git191117-2ubuntu0.20.04.3) ...
Setting up libfontconfig1:amd64 (2.13.1-2ubuntu3) ...
Setting up libgd3:amd64 (2.2.5-5.2ubuntu2.1) ...
Setting up libnginx-mod-http-image-filter (1.18.0-0ubuntu1.3) ...
Setting up nginx-core (1.18.0-0ubuntu1.3) ...
Setting up nginx (1.18.0-0ubuntu1.3) ...
Processing triggers for ufw (0.36-6) ...
Processing triggers for systemd (245.4-4ubuntu3.15) ...
Processing triggers for man-db (2.9.1-1) ...
Processing triggers for libc-bin (2.31-0ubuntu9.7) ...
root@ubuntunginx:~#

#Проверил работу nginx
root@ubuntunginx:~# systemctl status nginx
● nginx.service - A high performance web server and a reverse proxy server
     Loaded: loaded (/lib/systemd/system/nginx.service; enabled; vendor preset: enabled)
     Active: active (running) since Sat 2022-07-16 20:57:57 MSK; 1min 34s ago
       Docs: man:nginx(8)
   Main PID: 1852 (nginx)
      Tasks: 2 (limit: 2274)
     Memory: 5.8M
     CGroup: /system.slice/nginx.service
             ├─1852 nginx: master process /usr/sbin/nginx -g daemon on; master_process on;
             └─1853 nginx: worker process

Jul 16 20:57:57 ubuntunginx systemd[1]: Starting A high performance web server and a reverse proxy server...
Jul 16 20:57:57 ubuntunginx systemd[1]: Started A high performance web server and a reverse proxy server.
root@ubuntunginx:~#
root@ubuntunginx:~# ss -tln | grep 80
LISTEN   0        511              0.0.0.0:80            0.0.0.0:*
LISTEN   0        511                 [::]:80               [::]:*
root@ubuntunginx:~#

#Проверяем версию nginx
root@ubuntunginx:~# nginx -v
nginx version: nginx/1.18.0 (Ubuntu)
root@ubuntunginx:~#

#Корректируем /etc/nginx/nginx.conf
#error_log syslog:server=192.168.56.101:514,tag=nginx_error;
#access_log syslog:server=192.168.56.101:514,tag=nginx_access,severity=info combined; 
root@ubuntunginx:~# nano /etc/nginx/nginx.conf
root@ubuntunginx:~# cat /etc/nginx/nginx.conf
user www-data;
worker_processes auto;
pid /run/nginx.pid;
include /etc/nginx/modules-enabled/*.conf;

events {
        worker_connections 768;
        # multi_accept on;
}

http {

        ##
        # Basic Settings
        ##

        sendfile on;
        tcp_nopush on;
        tcp_nodelay on;
        keepalive_timeout 65;
        types_hash_max_size 2048;
        # server_tokens off;

        # server_names_hash_bucket_size 64;
        # server_name_in_redirect off;

        include /etc/nginx/mime.types;
        default_type application/octet-stream;

        ##
        # SSL Settings
        ##

        ssl_protocols TLSv1 TLSv1.1 TLSv1.2 TLSv1.3; # Dropping SSLv3, ref: POODLE
        ssl_prefer_server_ciphers on;

        ##
        # Logging Settings
        ##

        #access_log /var/log/nginx/access.log;
        error_log /var/log/nginx/error.log;
        error_log syslog:server=192.168.56.101:514,tag=nginx_error;
        access_log syslog:server=192.168.56.101:514,tag=nginx_access,severity=info combined;

        ##
        # Gzip Settings
        ##

        gzip on;

        # gzip_vary on;
        # gzip_proxied any;
        # gzip_comp_level 6;
        # gzip_buffers 16 8k;
        # gzip_http_version 1.1;
        # gzip_types text/plain text/css application/json application/javascript text/xml application/xml application/xml+rss text/javascript;

        ##
        # Virtual Host Configs
        ##

        include /etc/nginx/conf.d/*.conf;
        include /etc/nginx/sites-enabled/*;
}


#mail {
#       # See sample authentication script at:
#       # http://wiki.nginx.org/ImapAuthenticateWithApachePhpScript
#
#       # auth_http localhost/auth.php;
#       # pop3_capabilities "TOP" "USER";
#       # imap_capabilities "IMAP4rev1" "UIDPLUS";
#
#       server {
#               listen     localhost:110;
#               protocol   pop3;
#               proxy      on;
#       }
#
#       server {
#               listen     localhost:143;
#               protocol   imap;
#               proxy      on;
#       }
#}
root@ubuntunginx:~#

#Проверяем конфигурацию nginx
root@ubuntunginx:~# nginx -t
nginx: the configuration file /etc/nginx/nginx.conf syntax is ok
nginx: configuration file /etc/nginx/nginx.conf test is successful
root@ubuntunginx:~#

#Рестарт Nginx
root@ubuntunginx:~# systemctl restart nginx
root@ubuntunginx:~# systemctl status nginx
● nginx.service - A high performance web server and a reverse proxy server
     Loaded: loaded (/lib/systemd/system/nginx.service; enabled; vendor preset: enabled)
     Active: active (running) since Sat 2022-07-16 22:07:02 MSK; 8s ago
       Docs: man:nginx(8)
    Process: 2824 ExecStartPre=/usr/sbin/nginx -t -q -g daemon on; master_process on; (code=exited, status=0/SUCCESS)
    Process: 2840 ExecStart=/usr/sbin/nginx -g daemon on; master_process on; (code=exited, status=0/SUCCESS)
   Main PID: 2842 (nginx)
      Tasks: 2 (limit: 2274)
     Memory: 2.6M
     CGroup: /system.slice/nginx.service
             ├─2842 nginx: master process /usr/sbin/nginx -g daemon on; master_process on;
             └─2843 nginx: worker process

Jul 16 22:07:02 ubuntunginx systemd[1]: nginx.service: Succeeded.
Jul 16 22:07:02 ubuntunginx systemd[1]: Stopped A high performance web server and a reverse proxy server.
Jul 16 22:07:02 ubuntunginx systemd[1]: Starting A high performance web server and a reverse proxy server...
Jul 16 22:07:02 ubuntunginx systemd[1]: Started A high performance web server and a reverse proxy server.
root@ubuntunginx:~#
